D:/ST/CubeWorkspace/RookProject/Core/CMSIS/Include/core_cm4.h:1816:22:__NVIC_SetPriority	16	static
D:/ST/CubeWorkspace/RookProject/Core/CMSIS/Include/core_cm4.h:2022:26:SysTick_Config	16	static
../Core/Src/Driver/platform.c:14:6:init_platform	8	static
../Core/Src/Driver/platform.c:20:6:delay_ms	48	static,ignoring_inline_asm
../Core/Src/Driver/platform.c:31:10:get_sysTicks	4	static
../Core/Src/Driver/platform.c:37:13:init_clock	4	static
../Core/Src/Driver/platform.c:42:13:init_systick	8	static
../Core/Src/Driver/platform.c:47:6:SysTick_Handler	4	static
